Symbol: .ACIA (assist.s) = 002E
Symbol: .AVTBL (assist.s) = 0000
Symbol: .BSDTA (assist.s) = 0024
Symbol: .BSOFF (assist.s) = 0026
Symbol: .BSON (assist.s) = 0022
Symbol: .CIDTA (assist.s) = 0016
Symbol: .CIOFF (assist.s) = 0018
Symbol: .CION (assist.s) = 0014
Symbol: .CMDL1 (assist.s) = 0002
Symbol: .CMDL2 (assist.s) = 002C
Symbol: .CODTA (assist.s) = 001C
Symbol: .COOFF (assist.s) = 001E
Symbol: .COON (assist.s) = 001A
Symbol: .ECHO (assist.s) = 0032
Symbol: .EXPAN (assist.s) = 002A
Symbol: .FIRQ (assist.s) = 000A
Symbol: .HSDTA (assist.s) = 0020
Symbol: .IRQ (assist.s) = 000C
Symbol: .NMI (assist.s) = 0010
Symbol: .PAD (assist.s) = 0030
Symbol: .PAUSE (assist.s) = 0028
Symbol: .PTM (assist.s) = 0034
Symbol: .RESET (assist.s) = 0012
Symbol: .RSVD (assist.s) = 0004
Symbol: .SWI (assist.s) = 000E
Symbol: .SWI2 (assist.s) = 0008
Symbol: .SWI3 (assist.s) = 0006
Symbol: ACIA (assist.s) = EF04
Symbol: ADDR (assist.s) = DF9E
Symbol: ARMBK2 (assist.s) = FD9D
Symbol: ARMBLP (assist.s) = FD84
Symbol: ARMLOP (assist.s) = FDA2
Symbol: ARMNSW (assist.s) = FD93
Symbol: BASEPG (assist.s) = DF9D
Symbol: BELL (assist.s) = 0007
Symbol: BKPTBL (assist.s) = DFB2
Symbol: BKPTCT (assist.s) = DFFA
Symbol: BKPTOP (assist.s) = DFA2
Symbol: BLD2 (assist.s) = F815
Symbol: BLD3 (assist.s) = F821
Symbol: BLDBAD (assist.s) = FD3C
Symbol: BLDHEX (assist.s) = FD43
Symbol: BLDHXC (assist.s) = FD45
Symbol: BLDHXI (assist.s) = FD3F
Symbol: BLDNNB (assist.s) = FCD5
Symbol: BLDNUM (assist.s) = FCD7
Symbol: BLDRTN (assist.s) = F828
Symbol: BLDSHF (assist.s) = FD4E
Symbol: BLDVTR (assist.s) = F800
Symbol: BRKPT (assist.s) = 000A
Symbol: BSDCMP (assist.s) = FB5D
Symbol: BSDEOL (assist.s) = FB63
Symbol: BSDLD1 (assist.s) = FB33
Symbol: BSDLD2 (assist.s) = FB35
Symbol: BSDNXT (assist.s) = FB53
Symbol: BSDPUN (assist.s) = FB85
Symbol: BSDSRT (assist.s) = FB61
Symbol: BSDTA (assist.s) = FB2B
Symbol: BSOFF (assist.s) = FB1A
Symbol: BSOFLP (assist.s) = FB26
Symbol: BSON (assist.s) = FB0E
Symbol: BSON2 (assist.s) = FB15
Symbol: BSPEOF (assist.s) = FBE2
Symbol: BSPGO (assist.s) = FB96
Symbol: BSPMRE (assist.s) = FBB9
Symbol: BSPOK (assist.s) = FBA2
Symbol: BSPSTR (assist.s) = FBDF
Symbol: BSPUN2 (assist.s) = FBDA
Symbol: BSPUNC (assist.s) = FBDC
Symbol: BYTE (assist.s) = FB68
Symbol: BYTHEX (assist.s) = FB7C
Symbol: BYTRTS (assist.s) = FB7B
Symbol: CAN (assist.s) = 0018
Symbol: CBKADD (assist.s) = FF14
Symbol: CBKADL (assist.s) = FF23
Symbol: CBKADT (assist.s) = FF2D
Symbol: CBKDLE (assist.s) = FEF4
Symbol: CBKDLM (assist.s) = FEFD
Symbol: CBKDLP (assist.s) = FEF6
Symbol: CBKDSL (assist.s) = FF0A
Symbol: CBKDSP (assist.s) = FF06
Symbol: CBKERR (assist.s) = FF2A
Symbol: CBKLDR (assist.s) = FF37
Symbol: CBKPT (assist.s) = FEE1
Symbol: CBKRTS (assist.s) = FEF3
Symbol: CBKSET (assist.s) = FF35
Symbol: CCALBS (assist.s) = FE71
Symbol: CCALL (assist.s) = FDAF
Symbol: CDBADN (assist.s) = FE64
Symbol: CDCNT (assist.s) = FE50
Symbol: CDISP (assist.s) = FE39
Symbol: CDISPS (assist.s) = FE47
Symbol: CDNUM (assist.s) = FE56
Symbol: CDOT (assist.s) = FE9E
Symbol: CEN2 (assist.s) = FF50
Symbol: CENCDE (assist.s) = FF3E
Symbol: CEND1 (assist.s) = FF60
Symbol: CENGET (assist.s) = FF4E
Symbol: CENLP1 (assist.s) = FF54
Symbol: CENLP2 (assist.s) = FF6D
Symbol: CFLEX (assist.s) = FC3D
Symbol: CGO (assist.s) = FD76
Symbol: CGOBRK (assist.s) = FDB5
Symbol: CHKABT (assist.s) = FA59
Symbol: CHKRTN (assist.s) = FA62
Symbol: CHKSEC (assist.s) = FA61
Symbol: CHKWT (assist.s) = FA63
Symbol: ci1 (assist.s) = F83D
Symbol: CIDTA (assist.s) = FADD
Symbol: CIOFF (assist.s) = FAF8
Symbol: CION (assist.s) = FAEB
Symbol: CIRTN (assist.s) = FAEA
Symbol: CLOAD (assist.s) = FE85
Symbol: CLVDFT (assist.s) = FE91
Symbol: CLVOFS (assist.s) = FE88
Symbol: CMD (assist.s) = F8F4
Symbol: CMD2 (assist.s) = F932
Symbol: CMD3 (assist.s) = F945
Symbol: CMDBAD (assist.s) = F959
Symbol: CMDCMP (assist.s) = F974
Symbol: CMDDDL (assist.s) = F8FE
Symbol: CMDFLS (assist.s) = F969
Symbol: CMDGOT (assist.s) = F94A
Symbol: CMDMEM (assist.s) = F98D
Symbol: CMDNEP (assist.s) = F8F6
Symbol: CMDNOL (assist.s) = F907
Symbol: CMDSCH (assist.s) = F950
Symbol: CMDSIZ (assist.s) = F96C
Symbol: CMDSME (assist.s) = F964
Symbol: CMDTB2 (assist.s) = F998
Symbol: CMDTBL (assist.s) = F999
Symbol: CMDXQT (assist.s) = F984
Symbol: CMEM (assist.s) = FDB9
Symbol: CMEM2 (assist.s) = FDBE
Symbol: CMEM4 (assist.s) = FDC7
Symbol: CMEMN (assist.s) = FDBC
Symbol: CMENUM (assist.s) = FDD6
Symbol: CMESTR (assist.s) = FDE2
Symbol: CMNOTB (assist.s) = FDF8
Symbol: CMNOTC (assist.s) = FDDE
Symbol: CMNOTL (assist.s) = FE04
Symbol: CMNOTQ (assist.s) = FDEE
Symbol: CMNOTU (assist.s) = FE12
Symbol: CMPADP (assist.s) = FE0E
Symbol: CMPADS (assist.s) = FE0C
Symbol: CMSPCE (assist.s) = FDF4
Symbol: CNULLS (assist.s) = FEAD
Symbol: CNVGOT (assist.s) = FD6A
Symbol: CNVHEX (assist.s) = FD58
Symbol: CNVOK (assist.s) = FD6C
Symbol: CNVRTS (assist.s) = FD6E
Symbol: CODTA (assist.s) = FAF9
Symbol: CODTAD (assist.s) = FB02
Symbol: CODTAO (assist.s) = FB05
Symbol: CODTRT (assist.s) = FB00
Symbol: COFFS (assist.s) = FEBE
Symbol: COFNO1 (assist.s) = FED5
Symbol: CONV1 (assist.s) = FF83
Symbol: CONV2 (assist.s) = FFAC
Symbol: COOFF (assist.s) = FAF8
Symbol: COON (assist.s) = FAEB
Symbol: CPUNCH (assist.s) = FE67
Symbol: CR (assist.s) = 000D
Symbol: CREG (assist.s) = FC40
Symbol: CSTLEV (assist.s) = FEB2
Symbol: CTRACE (assist.s) = FE9A
Symbol: CTRCE3 (assist.s) = FEA0
Symbol: CVER (assist.s) = FE97
Symbol: CWINDO (assist.s) = FE34
Symbol: DELIM (assist.s) = DF8E
Symbol: DFTCHP (assist.s) = 0000
Symbol: DFTNLP (assist.s) = 0000
Symbol: DLE (assist.s) = 0010
Symbol: EOT (assist.s) = 0004
Symbol: ERRMSG (assist.s) = FABE
Symbol: ERROR (assist.s) = FACF
Symbol: EXP1 (assist.s) = FCDF
Symbol: EXP2 (assist.s) = FCFD
Symbol: EXPADD (assist.s) = FD19
Symbol: EXPCDL (assist.s) = FD0D
Symbol: EXPCHM (assist.s) = FD21
Symbol: EXPDLM (assist.s) = FCE1
Symbol: EXPRTN (assist.s) = FCFB
Symbol: EXPSUB (assist.s) = FD2C
Symbol: EXPTDI (assist.s) = FD03
Symbol: EXPTDL (assist.s) = FD05
Symbol: EXPTRM (assist.s) = FD38
Symbol: FIRQ (assist.s) = FFD5
Symbol: FIRQR (assist.s) = FABD
Symbol: GOADDR (assist.s) = FD79
Symbol: GONDFT (assist.s) = FD98
Symbol: HERE (assist.s) = E000
Symbol: HIVTR (assist.s) = 0034
Symbol: HSBLNK (assist.s) = FBF3
Symbol: HSDRTN (assist.s) = FC3A
Symbol: HSDTA (assist.s) = FBEF
Symbol: HSHCHR (assist.s) = FC1E
Symbol: HSHCOK (assist.s) = FC28
Symbol: HSHDOT (assist.s) = FC26
Symbol: HSHLNE (assist.s) = FC07
Symbol: HSHNXT (assist.s) = FC13
Symbol: HSHTTL (assist.s) = FBF9
Symbol: INCHNP (assist.s) = 0000
Symbol: INITVT (assist.s) = F841
Symbol: INTVE (assist.s) = F87A
Symbol: INTVS (assist.s) = F86D
Symbol: IRQ (assist.s) = FFD9
Symbol: IRQR (assist.s) = FAD9
Symbol: LASTOP (assist.s) = DF99
Symbol: LDDP (assist.s) = FAC2
Symbol: LF (assist.s) = 000A
Symbol: MISFLG (assist.s) = DF8F
Symbol: MONITR (assist.s) = 0008
Symbol: MSHOWP (assist.s) = FA7A
Symbol: MUPBAD (assist.s) = FE2C
Symbol: MUPDAT (assist.s) = FE21
Symbol: NMI (assist.s) = FFE1
Symbol: NMICON (assist.s) = FAB8
Symbol: NMIR (assist.s) = FA7E
Symbol: NMITRC (assist.s) = FAB1
Symbol: NUMBER (assist.s) = DF9B
Symbol: NUMBKP (assist.s) = 0008
Symbol: NUMFUN (assist.s) = 000B
Symbol: NUMVTR (assist.s) = 001B
Symbol: OUT2HS (assist.s) = 0004
Symbol: OUT4HS (assist.s) = 0005
Symbol: OUTCH (assist.s) = 0001
Symbol: PAUSE (assist.s) = 000B
Symbol: PAUSER (assist.s) = DFFC
Symbol: PCNTER (assist.s) = DF93
Symbol: PCRLF (assist.s) = 0006
Symbol: PDATA (assist.s) = 0003
Symbol: PDATA1 (assist.s) = 0002
Symbol: PROMPT (assist.s) = 003E
Symbol: PRTADR (assist.s) = FE17
Symbol: PSTACK (assist.s) = DF95
Symbol: PTM (assist.s) = E808
Symbol: PTMC13 (assist.s) = E808
Symbol: PTMC2 (assist.s) = E809
Symbol: PTMSTA (assist.s) = E809
Symbol: PTMTM1 (assist.s) = E80A
Symbol: PTMTM2 (assist.s) = E80C
Symbol: PTMTM3 (assist.s) = E80E
Symbol: RAMOFS (assist.s) = FFFFE700
Symbol: READ (assist.s) = FD6F
Symbol: REG4 (assist.s) = FC8A
Symbol: REGAGN (assist.s) = FCB9
Symbol: REGCHG (assist.s) = FC66
Symbol: REGCNG (assist.s) = FC93
Symbol: REGMSK (assist.s) = FC46
Symbol: REGNXC (assist.s) = FCA7
Symbol: REGP1 (assist.s) = FC6E
Symbol: REGP2 (assist.s) = FC77
Symbol: REGP3 (assist.s) = FC88
Symbol: REGPRS (assist.s) = FAB4
Symbol: REGPRT (assist.s) = FC65
Symbol: REGRTN (assist.s) = FC91
Symbol: REGSKP (assist.s) = FCA0
Symbol: REGTF1 (assist.s) = FCBF
Symbol: REGTF2 (assist.s) = FCCC
Symbol: REGTWO (assist.s) = FCB1
Symbol: RESET (assist.s) = F82A
Symbol: RESET2 (assist.s) = F830
Symbol: ROM2OF (assist.s) = F000
Symbol: ROM2WK (assist.s) = DF66
Symbol: ROMBEG (assist.s) = F800
Symbol: ROMSIZ (assist.s) = 0800
Symbol: RSRVD (assist.s) = FFC9
Symbol: RSRVDR (assist.s) = FAD9
Symbol: RSTACK (assist.s) = DF97
Symbol: RTI (assist.s) = FABD
Symbol: RTS (assist.s) = FAF8
Symbol: SEND (assist.s) = F9ED
Symbol: SIGNON (assist.s) = F8C6
Symbol: SKIP2 (assist.s) = 008C
Symbol: SLEVEL (assist.s) = DFF8
Symbol: SPACE (assist.s) = 0007
Symbol: STACK (assist.s) = DF51
Symbol: STLDFT (assist.s) = FEB9
Symbol: SWI (assist.s) = FFDD
Symbol: SWI2 (assist.s) = FFD1
Symbol: SWI2R (assist.s) = FAD9
Symbol: SWI3 (assist.s) = FFCD
Symbol: SWI3R (assist.s) = FAD9
Symbol: SWIBFL (assist.s) = DFFB
Symbol: SWICNT (assist.s) = DF90
Symbol: SWIDNE (assist.s) = F8B2
Symbol: SWILP (assist.s) = F8A5
Symbol: SWIR (assist.s) = F892
Symbol: SWIVTB (assist.s) = F87A
Symbol: TRACEC (assist.s) = DF91
Symbol: TSTACK (assist.s) = DF51
Symbol: VCTRSW (assist.s) = 0009
Symbol: VECTAB (assist.s) = DFC2
Symbol: WINDOW (assist.s) = DFA0
Symbol: WORKPG (assist.s) = DF00
Symbol: XQCIDT (assist.s) = FA73
Symbol: XQPAUS (assist.s) = FA6F
Symbol: ZBKCMD (assist.s) = FAD6
Symbol: ZBKPNT (assist.s) = FAD4
Symbol: ZIN2 (assist.s) = FA2B
Symbol: ZINCH (assist.s) = FA12
Symbol: ZINCHP (assist.s) = FA10
Symbol: ZMONT2 (assist.s) = F8E3
Symbol: ZMONTR (assist.s) = F8CF
Symbol: ZOT2HS (assist.s) = F9F3
Symbol: ZOT4HS (assist.s) = F9F1
Symbol: ZOTCH1 (assist.s) = FA2F
Symbol: ZOTCH2 (assist.s) = FA38
Symbol: ZOTCH3 (assist.s) = FA3A
Symbol: ZOUT2H (assist.s) = F9DA
Symbol: ZOUTHX (assist.s) = F9E7
Symbol: ZPAUSE (assist.s) = FA4F
Symbol: ZPCRLF (assist.s) = FA3E
Symbol: ZPCRLS (assist.s) = FA3D
Symbol: ZPDATA (assist.s) = FA41
Symbol: ZPDTA1 (assist.s) = FA49
Symbol: ZPDTLP (assist.s) = FA47
Symbol: ZSPACE (assist.s) = F9F7
Symbol: ZVSWTH (assist.s) = F9FB
